00000000000i[      ] Bochs x86 Emulator 3.1
00000000000i[      ]   Built from GitHub snapshot on August 23, 2026
00000000000i[      ]   Timestamp: Sun Aug 23 07:15:00 CEST 2026
00000000000i[      ] System configuration
00000000000i[      ]   processors: 1 (cores=1, HT threads=1)
00000000000i[      ]   A20 line support: yes
00000000000i[      ] IPS is set to 50000000
00000000000i[      ] CPU configuration
00000000000i[      ]   SMP support: no
00000000000i[      ]   Using pre-defined CPU configuration: phenom_8650_toliman
00000000000i[      ] Optimization configuration
00000000000i[      ]   RepeatSpeedups support: yes
00000000000i[      ]   Fast function calls: yes
00000000000i[      ]   Handlers Chaining speedups: yes
00000000000i[      ] Devices configuration
00000000000i[      ]   PCI support: i440FX i430FX i440BX
00000000000i[      ]   Network devices support: NE2000 E1000
00000000000i[      ]   Sound support: SB16 ES1370
00000000000i[      ]   USB support: UHCI OHCI EHCI xHCI
00000000000i[      ]   VGA extension support: vbe cirrus voodoo
00000000000i[IMG   ] Disk image modules
00000000000i[IMG   ]   flat concat sparse dll growing undoable volatile vmware3
00000000000i[IMG   ]   vmware4 vbox vpc vhdx vvfat
00000000000i[NETCTL] Networking modules
00000000000i[NETCTL]   null vnet slirp socket win32
00000000000i[SNDCTL] Sound drivers
00000000000i[SNDCTL]   dummy file win
00000000000i[USBCTL] Pluggable USB devices
00000000000i[USBCTL]   floppy mouse tablet keypad keyboard hub disk cdrom
00000000000i[USBCTL]   printer
00000000000i[      ] Auto-adjusting memory block size to 1048576
00000000000i[MEM0  ] allocated memory at 000001694B933040. after alignment, vector=000001694B934000, block_size = 1024K
00000000000i[MEM0  ] 4096.00MB
00000000000i[MEM0  ] mem block size = 0x00100000, blocks=4096
00000000000i[MEM0  ] rom at 0xfffe0000/131072 ('C:\Program Files\Bochs-3.1\BIOS-bochs-latest')
00000000000i[CPU0  ] initialized CPU model phenom_8650_toliman
00000000000i[DEV   ] will paste characters every 100 iodev timer ticks
00000000000i[DEV   ] Using boot sequence floppy, none, none
00000000000i[PLUGIN] init_dev of 'vga' plugin device by virtual method
00000000000i[MEM0  ] Register memory access handlers: 0x0000000a0000 - 0x0000000bffff
00000000000i[VGA   ] interval=100000, mode=realtime
00000000000i[VGA   ] Setting VGA update interval to 100000 (10.0 Hz)
00000000000i[VGA   ] VSYNC using standard mode
00000000000i[MEM0  ] Register memory access handlers: 0x0000e0000000 - 0x0000e0ffffff
00000000000i[BXVGA ] VBE Bochs Display Extension Enabled (16 MB)
00000000000i[MEM0  ] rom at 0xc0000/32768 ('C:\Program Files\Bochs-3.1\VGABIOS-lgpl-latest.bin')
00000000000i[PLUGIN] init_dev of 'pci' plugin device by virtual method
00000000000i[DEV   ] i440FX PMC present at device 0, function 0
00000000000i[PLUGIN] init_dev of 'pci2isa' plugin device by virtual method
00000000000i[DEV   ] PIIX3 PCI-to-ISA bridge present at device 1, function 0
00000000000i[PLUGIN] init_dev of 'cmos' plugin device by virtual method
00000000000i[CMOS  ] Using local time for initial clock
00000000000i[CMOS  ] Setting initial clock to: Mon Aug 31  6:32:18   2026 tz=utc (time0=1788157938)
00000000000i[PLUGIN] init_dev of 'dma' plugin device by virtual method
00000000000i[DMA   ] channel 4 used by cascade
00000000000i[PLUGIN] init_dev of 'pic' plugin device by virtual method
00000000000i[PLUGIN] init_dev of 'pit' plugin device by virtual method
00000000000i[PLUGIN] init_dev of 'acpi' plugin device by virtual method
00000000000i[DEV   ] ACPI Controller present at device 1, function 3
00000000000i[PLUGIN] init_dev of 'hpet' plugin device by virtual method
00000000000i[HPET  ] initializing HPET
00000000000i[MEM0  ] Register memory access handlers: 0x0000fed00000 - 0x0000fed003ff
00000000000i[PLUGIN] init_dev of 'floppy' plugin device by virtual method
00000000000i[DMA   ] channel 2 used by Floppy Drive
00000000000i[FLOPPY] fd0: 'E:\new pc\AI_Pushes_Sandbox\projects\PCMMAD\HOSTILE_OS\research\targets\H1_EMULATOR_REPLAYS\runs\20260831T103212Z_h1_emulator_matrix_01\bochs\faulted_media\both_invalid\both_invalid.img' ro=1, h=2,t=80,spt=18
00000000000i[FLOPPY] Floppy boot signature check is enabled
00000000000i[PLUGIN] init_dev of 'extfpuirq' plugin device by virtual method
00000000000i[PLUGIN] init_dev of 'ioapic' plugin device by virtual method
00000000000i[IOAPIC] initializing I/O APIC
00000000000i[MEM0  ] Register memory access handlers: 0x0000fec00000 - 0x0000fec00fff
00000000000i[IOAPIC] IOAPIC enabled (base address = 0xfec00000)
00000000000i[PLUGIN] init_dev of 'keyboard' plugin device by virtual method
00000000000i[PLUGIN] init_dev of 'pci_ide' plugin device by virtual method
00000000000i[DEV   ] PIIX3 PCI IDE controller present at device 1, function 1
00000000000i[PLUGIN] init_dev of 'harddrv' plugin device by virtual method
00000000000i[PLUGIN] init_dev of 'unmapped' plugin device by virtual method
00000000000i[PLUGIN] init_dev of 'biosdev' plugin device by virtual method
00000000000i[PLUGIN] init_dev of 'speaker' plugin device by virtual method
00000000000i[PCSPK ] Using lowlevel sound support for output
00000000000i[PLUGIN] init_dev of 'parallel' plugin device by virtual method
00000000000i[PAR   ] parallel port 1 at 0x0378 irq 7
00000000000i[PLUGIN] init_dev of 'serial' plugin device by virtual method
00000000000i[SER   ] com1 at 0x03f8 irq 4 (mode: null)
00000000000i[PLUGIN] init_dev of 'gameport' plugin device by virtual method
00000000000i[PLUGIN] init_dev of 'usb_uhci' plugin device by virtual method
00000000000i[DEV   ] USB UHCI present at device 1, function 2
00000000000i[UHCI  ] USB UHCI initialized
00000000000i[PLUGIN] register state of 'vga' plugin device by virtual method
00000000000i[PLUGIN] register state of 'pci' plugin device by virtual method
00000000000i[PLUGIN] register state of 'pci2isa' plugin device by virtual method
00000000000i[PLUGIN] register state of 'cmos' plugin device by virtual method
00000000000i[PLUGIN] register state of 'dma' plugin device by virtual method
00000000000i[PLUGIN] register state of 'pic' plugin device by virtual method
00000000000i[PLUGIN] register state of 'pit' plugin device by virtual method
00000000000i[PLUGIN] register state of 'unmapped' plugin device by virtual method
00000000000i[PLUGIN] register state of 'biosdev' plugin device by virtual method
00000000000i[PLUGIN] register state of 'speaker' plugin device by virtual method
00000000000i[PLUGIN] register state of 'parallel' plugin device by virtual method
00000000000i[PLUGIN] register state of 'serial' plugin device by virtual method
00000000000i[PLUGIN] register state of 'gameport' plugin device by virtual method
00000000000i[PLUGIN] register state of 'usb_uhci' plugin device by virtual method
00000000000i[PLUGIN] register state of 'acpi' plugin device by virtual method
00000000000i[PLUGIN] register state of 'hpet' plugin device by virtual method
00000000000i[PLUGIN] register state of 'floppy' plugin device by virtual method
00000000000i[PLUGIN] register state of 'extfpuirq' plugin device by virtual method
00000000000i[PLUGIN] register state of 'ioapic' plugin device by virtual method
00000000000i[PLUGIN] register state of 'keyboard' plugin device by virtual method
00000000000i[PLUGIN] register state of 'pci_ide' plugin device by virtual method
00000000000i[PLUGIN] register state of 'harddrv' plugin device by virtual method
00000000000i[SYS   ] bx_pc_system_c::Reset(HARDWARE) called
00000000000i[CPU0  ] cpu hardware reset
00000000000i[APIC0 ] allocate APIC id=0 (MMIO enabled) to 0x0000fee00000
00000000000i[CPU0  ] CPUID[0x00000000]: 00000005 68747541 444d4163 69746e65
00000000000i[CPU0  ] CPUID[0x00000001]: 00100f23 00010800 00802009 078bfbff
00000000000i[CPU0  ] CPUID[0x00000002]: 00000000 00000000 00000000 00000000
00000000000i[CPU0  ] CPUID[0x00000003]: 00000000 00000000 00000000 00000000
00000000000i[CPU0  ] CPUID[0x00000004]: 00000000 00000000 00000000 00000000
00000000000i[CPU0  ] CPUID[0x00000005]: 00000040 00000040 00000003 00000000
00000000000i[CPU0  ] CPUID[0x80000000]: 8000001a 68747541 444d4163 69746e65
00000000000i[CPU0  ] CPUID[0x80000001]: 00100f23 10000563 000007ff efd3fbff
00000000000i[CPU0  ] CPUID[0x80000002]: 20444d41 6e656850 74286d6f 3820296d
00000000000i[CPU0  ] CPUID[0x80000003]: 20303536 70697254 432d656c 2065726f
00000000000i[CPU0  ] CPUID[0x80000004]: 636f7250 6f737365 00000072 00000000
00000000000i[CPU0  ] CPUID[0x80000005]: ff30ff10 ff20ff20 40020140 40020140
00000000000i[CPU0  ] CPUID[0x80000006]: 20800000 42004200 02008140 0010a140
00000000000i[CPU0  ] CPUID[0x80000007]: 00000000 00000000 00000000 000001f9
00000000000i[CPU0  ] CPUID[0x80000008]: 00003028 00000200 00000000 00000000
00000000000i[CPU0  ] CPUID[0x80000009]: 00000000 00000000 00000000 00000000
00000000000i[CPU0  ] CPUID[0x8000000a]: 00000001 00000040 00000000 00000007
00000000000i[CPU0  ] CPUID[0x8000000b]: 00000000 00000000 00000000 00000000
00000000000i[CPU0  ] CPUID[0x8000000c]: 00000000 00000000 00000000 00000000
00000000000i[CPU0  ] CPUID[0x8000000d]: 00000000 00000000 00000000 00000000
00000000000i[CPU0  ] CPUID[0x8000000e]: 00000000 00000000 00000000 00000000
00000000000i[CPU0  ] CPUID[0x8000000f]: 00000000 00000000 00000000 00000000
00000000000i[CPU0  ] CPUID[0x80000010]: 00000000 00000000 00000000 00000000
00000000000i[CPU0  ] CPUID[0x80000011]: 00000000 00000000 00000000 00000000
00000000000i[CPU0  ] CPUID[0x80000012]: 00000000 00000000 00000000 00000000
00000000000i[CPU0  ] CPUID[0x80000013]: 00000000 00000000 00000000 00000000
00000000000i[CPU0  ] CPUID[0x80000014]: 00000000 00000000 00000000 00000000
00000000000i[CPU0  ] CPUID[0x80000015]: 00000000 00000000 00000000 00000000
00000000000i[CPU0  ] CPUID[0x80000016]: 00000000 00000000 00000000 00000000
00000000000i[CPU0  ] CPUID[0x80000017]: 00000000 00000000 00000000 00000000
00000000000i[CPU0  ] CPUID[0x80000018]: 00000000 00000000 00000000 00000000
00000000000i[CPU0  ] CPUID[0x80000019]: f0300000 00000000 00000000 00000000
00000000000i[CPU0  ] CPUID[0x8000001a]: 00000003 00000000 00000000 00000000
00000000000i[CPU0  ] CPU Features supported:
00000000000i[CPU0  ] 		x87
00000000000i[CPU0  ] 		486ni
00000000000i[CPU0  ] 		pentium_ni
00000000000i[CPU0  ] 		p6ni
00000000000i[CPU0  ] 		mmx
00000000000i[CPU0  ] 		3dnow
00000000000i[CPU0  ] 		3dnow_ext
00000000000i[CPU0  ] 		debugext
00000000000i[CPU0  ] 		vme
00000000000i[CPU0  ] 		pse
00000000000i[CPU0  ] 		pae
00000000000i[CPU0  ] 		pge
00000000000i[CPU0  ] 		mtrr
00000000000i[CPU0  ] 		pat
00000000000i[CPU0  ] 		legacy_syscall_sysret
00000000000i[CPU0  ] 		sysenter_sysexit
00000000000i[CPU0  ] 		clflush
00000000000i[CPU0  ] 		sse
00000000000i[CPU0  ] 		sse2
00000000000i[CPU0  ] 		sse3
00000000000i[CPU0  ] 		popcnt
00000000000i[CPU0  ] 		mwait
00000000000i[CPU0  ] 		longmode
00000000000i[CPU0  ] 		lm_lahf_sahf
00000000000i[CPU0  ] 		nx
00000000000i[CPU0  ] 		1g_pages
00000000000i[CPU0  ] 		cmpxhg16b
00000000000i[CPU0  ] 		rdtscp
00000000000i[CPU0  ] 		ffxsr
00000000000i[CPU0  ] 		sse4a
00000000000i[CPU0  ] 		misaligned_sse
00000000000i[CPU0  ] 		altmovcr8
00000000000i[CPU0  ] 		lzcnt
00000000000i[CPU0  ] 		svm
00000000000i[CPU0  ] 		xapic
00000000000i[CPU0  ] 		xapicext
00000000000i[PLUGIN] reset of 'vga' plugin device by virtual method
00000000000i[DDC   ] Using default EDID for resolution 1920x1200
00000000000i[PLUGIN] reset of 'pci' plugin device by virtual method
00000000000i[PLUGIN] reset of 'pci2isa' plugin device by virtual method
00000000000i[PLUGIN] reset of 'cmos' plugin device by virtual method
00000000000i[PLUGIN] reset of 'dma' plugin device by virtual method
00000000000i[PLUGIN] reset of 'pic' plugin device by virtual method
00000000000i[PLUGIN] reset of 'pit' plugin device by virtual method
00000000000i[PLUGIN] reset of 'acpi' plugin device by virtual method
00000000000i[PLUGIN] reset of 'hpet' plugin device by virtual method
00000000000i[PLUGIN] reset of 'floppy' plugin device by virtual method
00000000000i[PLUGIN] reset of 'extfpuirq' plugin device by virtual method
00000000000i[PLUGIN] reset of 'ioapic' plugin device by virtual method
00000000000i[PLUGIN] reset of 'keyboard' plugin device by virtual method
00000000000i[PLUGIN] reset of 'pci_ide' plugin device by virtual method
00000000000i[PLUGIN] reset of 'harddrv' plugin device by virtual method
00000000000i[PLUGIN] reset of 'unmapped' plugin device by virtual method
00000000000i[PLUGIN] reset of 'biosdev' plugin device by virtual method
00000000000i[PLUGIN] reset of 'speaker' plugin device by virtual method
00000000000i[PLUGIN] reset of 'parallel' plugin device by virtual method
00000000000i[PLUGIN] reset of 'serial' plugin device by virtual method
00000000000i[PLUGIN] reset of 'gameport' plugin device by virtual method
00000000000i[PLUGIN] reset of 'usb_uhci' plugin device by virtual method
00000001734i[BIOS  ] BIOS BUILD DATE: 08/23/26
00000322538i[KBD   ] reset-disable command received
00000338317i[BIOS  ] Starting rombios32
00000338755i[BIOS  ] Shutdown flag 0
00000339363i[BIOS  ] ram_size=0xc0000000
00000339883i[BIOS  ] ram_end=5120MB
00000835947i[BIOS  ] Found 1 cpu(s)
00000849940i[BIOS  ] bios_table_addr: 0x000fa1d8 end=0x000fcc00
00001177768i[PCI   ] i440FX PMC write to PAM register 59 (TLB Flush)
00001505717i[P2ISA ] PCI IRQ routing: PIRQA# set to 0x0b
00001505741i[P2ISA ] PCI IRQ routing: PIRQB# set to 0x09
00001505765i[P2ISA ] PCI IRQ routing: PIRQC# set to 0x0b
00001505789i[P2ISA ] PCI IRQ routing: PIRQD# set to 0x09
00001505801i[P2ISA ] write: ELCR2 = 0x0a
00001505811i[P2ISA ] Enable FERR# input and IGNNE# output
00001506582i[BIOS  ] PIIX3/PIIX4 init: elcr=00 0a
00001514613i[BIOS  ] PCI: bus=0 devfn=0x00: vendor_id=0x8086 device_id=0x1237 class=0x0600
00001517001i[BIOS  ] PCI: bus=0 devfn=0x08: vendor_id=0x8086 device_id=0x7000 class=0x0601
00001519221i[BIOS  ] PCI: bus=0 devfn=0x09: vendor_id=0x8086 device_id=0x7010 class=0x0101
00001520114i[BIOS  ] region 4: 0x0000c000
00001520236i[PIDE  ] BAR #4: i/o base address = 0xc000
00001522153i[BIOS  ] PCI: bus=0 devfn=0x0a: vendor_id=0x8086 device_id=0x7020 class=0x0c03
00001523022i[BIOS  ] region 4: 0x0000c020
00001523144i[UHCI  ] BAR #4: i/o base address = 0xc020
00001523169i[UHCI  ] new IRQ line = 9
00001525076i[BIOS  ] PCI: bus=0 devfn=0x0b: vendor_id=0x8086 device_id=0x7113 class=0x0680
00001525431i[ACPI  ] new PM base address: 0xb000
00001525446i[ACPI  ] new SM base address: 0xb100
00001525474i[PCI   ] setting SMRAM control register to 0x4a
00001689611i[CPU0  ] Enter to System Management Mode
00001689611i[CPU0  ] enter_system_management_mode: temporary disable VMX while in SMM mode
00001689621i[CPU0  ] RSM: Resuming from System Management Mode
00001853675i[PCI   ] setting SMRAM control register to 0x0a
00001869071i[BIOS  ] MP table addr=0x000fa2b0 MPC table addr=0x000fa1e0 size=0xc8
00001870807i[BIOS  ] SMBIOS table addr=0x000fa2c0
00001871522i[BIOS  ] HPET present at 0xfed00000
00001873599i[BIOS  ] ACPI tables: RSDP addr=0x000fa3f0 ACPI DATA addr=0xbfff0000 size=0xff8
00001876558i[BIOS  ] Firmware waking vector 0xbfff00cc
00001878820i[PCI   ] i440FX PMC write to PAM register 59 (TLB Flush)
00001879553i[BIOS  ] bios_table_cur_addr: 0x000fa414
00001979501i[VBIOS ] VGABios ID: vgabios.c 2026-08-07
00001979584i[BXVGA ] VBE known Display Interface b0c0
00001979624i[BXVGA ] VBE known Display Interface b0c5
00001981041i[VBIOS ] VBE Bios ID: vbe.c 2026-08-07
00005361954i[BIOS  ] Booting from 0000:7c00
