     VMA      LMA     Size Align Out     In      Symbol
       0        0     8000     1 . = 0x8000
    8000        0        0     1 __image_start = .
    8000     8000      e1b     4 .text
    8000     8000      e1b     4         E:\new pc\AI_Pushes_Sandbox\projects\PCMMAD\HOSTILE_OS\research\integration\H1_SMP_MIN01\runs\20260831T055649Z_h1_smp_min01_01\build\stage2.o:(.text)
    8000     8000        0     1                 _start
    8029     8029        0     1                 start_smp
    802e     802e        0     1                 start_restart
    8033     8033        0     1                 start_fault
    8036     8036        0     1                 start_done
    803f     803f        0     1                 detect_mode
    8060     8060        0     1                 detect_mode_done
    8061     8061        0     1                 bios_read_sector
    8076     8076        0     1                 bios_write_sector
    808b     808b        0     1                 read_durable_candidates
    80b7     80b7        0     1                 persist_io_fail
    80b9     80b9        0     1                 record_validate
    80f7     80f7        0     1                 record_validate_done
    80fc     80fc        0     1                 crc16_payload
    8106     8106        0     1                 crc16_byte
    810f     810f        0     1                 crc16_bit
    8117     8117        0     1                 crc16_no_poly
    8122     8122        0     1                 select_durable
    813c     813c        0     1                 select_a_valid
    816a     816a        0     1                 select_conflict
    8170     8170        0     1                 select_choose_a
    817d     817d        0     1                 select_choose_b
    8188     8188        0     1                 select_epoch_check
    8199     8199        0     1                 select_epoch_exhaust
    81a5     81a5        0     1                 records_uninitialized
    81ab     81ab        0     1                 records_zero_a
    81b9     81b9        0     1                 records_zero_b
    81c4     81c4        0     1                 records_not_zero
    81c7     81c7        0     1                 persistence_restart_review
    81ec     81ec        0     1                 persistence_bootstrap_write
    8204     8204        0     1                 persistence_fail_io
    820b     820b        0     1                 persistence_fault_review
    8229     8229        0     1                 build_bootstrap_relation_and_record
    8309     8309        0     1                 persistence_recover_and_print
    8414     8414        0     1                 persistence_print_recovery
    8466     8466        0     1                 core_review
    8479     8479        0     1                 core_fill_activities
    8495     8495        0     1                 core_capacity_done
    84f9     84f9        0     1                 core_fill_row
    8511     8511        0     1                 core_row_done
    8713     8713        0     1                 irq_review
    87e9     87e9        0     1                 irq_case
    8815     8815        0     1                 irq_case_waitgen_done
    8846     8846        0     1                 run_irq_phase
    884d     884d        0     1                 irq_phase_wait
    8861     8861        0     1                 irq_phase_done
    8865     8865        0     1                 irq_semantic_gate
    8878     8878        0     1                 irq_semantic_done
    8879     8879        0     1                 irq_apply_progress
    8886     8886        0     1                 irq_apply_done
    8887     8887        0     1                 save_irq_platform_state
    88a2     88a2        0     1                 restore_irq_platform_state
    88be     88be        0     1                 install_irq
    88cb     88cb        0     1                 mask_irqs
    88d7     88d7        0     1                 unmask_irq0
    88de     88de        0     1                 program_pit
    88ef     88ef        0     1                 irq0_handler
    8927     8927        0     1                 irq_check_threshold
    8936     8936        0     1                 irq_send_eoi
    8940     8940        0     1                 init_runtime
    895b     895b        0     1                 activity_acquire
    8962     8962        0     1                 activity_acquire_loop
    897c     897c        0     1                 activity_acquire_use
    89c5     89c5        0     1                 activity_acquire_next
    89c8     89c8        0     1                 activity_acquire_none
    89d4     89d4        0     1                 activity_validate
    8a0b     8a0b        0     1                 activity_release
    8a21     8a21        0     1                 activity_release_scan
    8a47     8a47        0     1                 activity_release_blocked
    8a49     8a49        0     1                 activity_release_done
    8a4a     8a4a        0     1                 resource_create
    8a51     8a51        0     1                 resource_create_loop
    8a6b     8a6b        0     1                 resource_create_use
    8aa0     8aa0        0     1                 resource_create_next
    8aa3     8aa3        0     1                 resource_create_none
    8aaf     8aaf        0     1                 resource_read
    8aea     8aea        0     1                 resource_validate
    8b19     8b19        0     1                 binding_attach_first
    8b44     8b44        0     1                 binding_attach_scan
    8b59     8b59        0     1                 binding_attach_use
    8b7d     8b7d        0     1                 binding_attach_next
    8b8f     8b8f        0     1                 binding_attach_done
    8b90     8b90        0     1                 binding_read
    8bf0     8bf0        0     1                 binding_read_done
    8bf1     8bf1        0     1                 binding_detach
    8c54     8c54        0     1                 binding_detach_ok
    8c56     8c56        0     1                 binding_detach_done
    8c57     8c57        0     1                 load_saved_act0
    8c6a     8c6a        0     1                 load_saved_act1
    8c7d     8c7d        0     1                 load_saved_res
    8c90     8c90        0     1                 status_m
    8c93     8c93        0     1                 status_r
    8c96     8c96        0     1                 status_g
    8c99     8c99        0     1                 smp_min_review
    8cce     8cce        0     1                 smp_wait_ready
    8cdb     8cdb        0     1                 smp_ready
    8d15     8d15        0     1                 smp_start_ap1
    8d7b     8d7b        0     1                 smp_icr_wait
    8d8e     8d8e        0     1                 smp_delay_short
    8d94     8d94        0     1                 smp_delay_short_loop
    8d9b     8d9b        0     1                 smp_delay_long
    8da1     8da1        0     1                 smp_delay_long_loop
    8da8     8da8        0     1                 smp_ap_blob_start
    8dca     8dca        0     1                 smp_ap_halt
    8dcd     8dcd        0     1                 print_string
    8dcd     8dcd        0     1                 smp_ap_blob_end
    8ddd     8ddd        0     1                 print_char
    8de4     8de4        0     1                 newline
    8dec     8dec        0     1                 print_bit
    8df2     8df2        0     1                 print_hex8
    8e04     8e04        0     1                 print_hex16
    8e0f     8e0f        0     1                 print_nibble
    8e1b     8e1b      25d     1 .rodata
    8e1b     8e1b      25d     1         E:\new pc\AI_Pushes_Sandbox\projects\PCMMAD\HOSTILE_OS\research\integration\H1_SMP_MIN01\runs\20260831T055649Z_h1_smp_min01_01\build\stage2.o:(.rodata)
    8e1b     8e1b        0     1                 lab_smp_test
    8e2e     8e2e        0     1                 lab_smp_bsp_id
    8e36     8e36        0     1                 lab_smp_ap_id
    8e3d     8e3d        0     1                 lab_smp_ready
    8e47     8e47        0     1                 lab_smp_done
    8e51     8e51        0     1                 lab_test
    8e63     8e63        0     1                 lab_act_filled
    8e6f     8e6f        0     1                 lab_act_over
    8e79     8e79        0     1                 lab_row_filled
    8e85     8e85        0     1                 lab_row_over
    8e8f     8e8f        0     1                 lab_share_live
    8e9b     8e9b        0     1                 lab_stale_bind
    8ea7     8ea7        0     1                 lab_fresh_bind
    8eb3     8eb3        0     1                 lab_fresh_bind_val
    8ec3     8ec3        0     1                 lab_missing_bind
    8ed1     8ed1        0     1                 lab_release_bound
    8ee0     8ee0        0     1                 lab_detach_one
    8ef1     8ef1        0     1                 lab_detach_last
    8f03     8f03        0     1                 lab_old_res
    8f0c     8f0c        0     1                 lab_new_res
    8f15     8f15        0     1                 lab_new_res_val
    8f22     8f22        0     1                 lab_persist_test
    8f37     8f37        0     1                 lab_mode_r
    8f3f     8f3f        0     1                 lab_mode_f
    8f47     8f47        0     1                 lab_phase_write
    8f54     8f54        0     1                 lab_phase_recover
    8f63     8f63        0     1                 lab_write_a
    8f6c     8f6c        0     1                 lab_select
    8f74     8f74        0     1                 lab_dur_val
    8f7d     8f7d        0     1                 lab_persist_old_bind
    8f87     8f87        0     1                 lab_persist_old_res
    8f90     8f90        0     1                 lab_persist_fresh_bind
    8f9c     8f9c        0     1                 lab_persist_fresh_val
    8fac     8fac        0     1                 lab_persist_done
    8fba     8fba        0     1                 lab_persist_iofail
    8fcb     8fcb        0     1                 lab_irq_test
    8fdc     8fdc        0     1                 lab_irq_one_event
    8fe8     8fe8        0     1                 lab_irq_one_rel
    8ff2     8ff2        0     1                 lab_irq_one_wake
    8ffd     8ffd        0     1                 lab_irq_one_prog
    9008     9008        0     1                 lab_irq_two_event
    9014     9014        0     1                 lab_irq_two_rel
    901e     901e        0     1                 lab_irq_two_wake
    9029     9029        0     1                 lab_irq_two_prog
    9034     9034        0     1                 lab_irq_bad_event
    9042     9042        0     1                 lab_irq_bad_rel
    904e     904e        0     1                 lab_irq_bad_wake
    905b     905b        0     1                 lab_irq_bad_prog
    9068     9068        0     1                 lab_irq_done
    9072     9072        0     1                 lab_done
    9078     9078        0     1 __state_begin = .
    9078     9078      e0b     1 .bss
    9078     9078      e0b     1         E:\new pc\AI_Pushes_Sandbox\projects\PCMMAD\HOSTILE_OS\research\integration\H1_SMP_MIN01\runs\20260831T055649Z_h1_smp_min01_01\build\stage2.o:(.bss)
    9078     9078        0     1                 activity_identity
    9078     9078        0     1                 v2_state_begin
    90b8     90b8        0     1                 activity_generation
    90f8     90f8        0     1                 activity_epoch
    9138     9138        0     1                 activity_progress
    9178     9178        0     1                 activity_pending_progress
    91b8     91b8        0     1                 activity_waiting
    91f8     91f8        0     1                 activity_woken
    9238     9238        0     1                 activity_wait_slot
    9278     9278        0     1                 activity_wait_generation
    92b8     92b8        0     1                 activity_epoch_global
    92b9     92b9        0     1                 binding_resource_plus1
    97b9     97b9        0     1                 binding_generation
    9cb9     9cb9        0     1                 resource_identity
    9cf9     9cf9        0     1                 resource_generation
    9d39     9d39        0     1                 resource_value
    9d79     9d79        0     1                 resource_live_count
    9df9     9df9        0     1                 resource_epoch_global
    9dfa     9dfa        0     1                 irq_event_count
    9dfb     9dfb        0     1                 irq_relation_ok
    9dfc     9dfc        0     1                 irq_phase_target
    9dfd     9dfd        0     1                 saved_irq0_off
    9dff     9dff        0     1                 saved_irq0_seg
    9e01     9e01        0     1                 saved_master_mask
    9e02     9e02        0     1                 saved_slave_mask
    9e03     9e03        0     1                 boot_drive
    9e03     9e03        0     1                 implementation_scratch
    9e03     9e03        0     1                 v2_state_end
    9e04     9e04        0     1                 input_identity
    9e05     9e05        0     1                 input_value
    9e06     9e06        0     1                 input_activity_slot
    9e07     9e07        0     1                 input_activity_gen
    9e08     9e08        0     1                 input_activity_epoch
    9e09     9e09        0     1                 input_resource_slot
    9e0a     9e0a        0     1                 input_resource_gen
    9e0b     9e0b        0     1                 input_resource_epoch
    9e0c     9e0c        0     1                 input_binding_index
    9e0d     9e0d        0     1                 input_binding_gen
    9e0e     9e0e        0     1                 output_slot
    9e0f     9e0f        0     1                 output_gen
    9e10     9e10        0     1                 output_epoch
    9e11     9e11        0     1                 output_binding
    9e12     9e12        0     1                 output_binding_gen
    9e13     9e13        0     1                 last_value
    9e14     9e14        0     1                 saw_exhausted
    9e15     9e15        0     1                 tmp_identity
    9e16     9e16        0     1                 tmp_count
    9e17     9e17        0     1                 tmp_binding_index
    9e18     9e18        0     1                 saved_act0_slot
    9e19     9e19        0     1                 saved_act0_gen
    9e1a     9e1a        0     1                 saved_act0_epoch
    9e1b     9e1b        0     1                 saved_act1_slot
    9e1c     9e1c        0     1                 saved_act1_gen
    9e1d     9e1d        0     1                 saved_act1_epoch
    9e1e     9e1e        0     1                 saved_res_slot
    9e1f     9e1f        0     1                 saved_res_gen
    9e20     9e20        0     1                 saved_res_epoch
    9e21     9e21        0     1                 saved_bind0_index
    9e22     9e22        0     1                 saved_bind0_gen
    9e23     9e23        0     1                 saved_bind1_index
    9e24     9e24        0     1                 saved_bind1_gen
    9e25     9e25        0     1                 saved_new_res_slot
    9e26     9e26        0     1                 saved_new_res_gen
    9e27     9e27        0     1                 saved_new_res_epoch
    9e28     9e28        0     1                 durable_a_valid
    9e29     9e29        0     1                 durable_b_valid
    9e2a     9e2a        0     1                 durable_select
    9e2b     9e2b        0     1                 durable_selected_ptr
    9e2d     9e2d        0     1                 durable_recovered_value
    9e2e     9e2e        0     1                 durable_old_bind_status
    9e2f     9e2f        0     1                 durable_old_res_status
    9e30     9e30        0     1                 durable_fresh_bind_status
    9e31     9e31        0     1                 durable_fresh_value
    9e32     9e32        0     1                 smp_bsp_id
    9e33     9e33        0     1                 smp_ap_id
    9e34     9e34        0     1                 smp_ap_ready
    9e83     9e83        0     1 __state_end = .
    9e83     9e83        0     1 __image_end = .
    9e83     9e83        0     1 
       0        0       96     1 .comment
       0        0       96     1         <internal>:(.comment)
       0        0     1080     4 .symtab
       0        0     1080     4         <internal>:(.symtab)
       0        0       37     1 .shstrtab
       0        0       37     1         <internal>:(.shstrtab)
       0        0     10dd     1 .strtab
       0        0     10dd     1         <internal>:(.strtab)
