     VMA      LMA     Size Align Out     In      Symbol
       0        0     8000     1 . = 0x8000
    8000        0        0     1 __image_start = .
    8000     8000      f34     4 .text
    8000     8000      f34     4         E:\new pc\AI_Pushes_Sandbox\projects\PCMMAD\HOSTILE_OS\research\integration\H1_SMP_MIN03\runs\20260831T102244Z_h1_smp_min03_01\build\stage2.o:(.text)
    8000     8000        0     1                 _start
    8029     8029        0     1                 start_smp
    802e     802e        0     1                 start_restart
    8033     8033        0     1                 start_fault
    8036     8036        0     1                 start_done
    803f     803f        0     1                 detect_mode
    8060     8060        0     1                 detect_mode_done
    8061     8061        0     1                 bios_read_sector
    8076     8076        0     1                 bios_write_sector
    808b     808b        0     1                 read_durable_candidates
    80b7     80b7        0     1                 persist_io_fail
    80b9     80b9        0     1                 record_validate
    80f7     80f7        0     1                 record_validate_done
    80fc     80fc        0     1                 crc16_payload
    8106     8106        0     1                 crc16_byte
    810f     810f        0     1                 crc16_bit
    8117     8117        0     1                 crc16_no_poly
    8122     8122        0     1                 select_durable
    813c     813c        0     1                 select_a_valid
    816a     816a        0     1                 select_conflict
    8170     8170        0     1                 select_choose_a
    817d     817d        0     1                 select_choose_b
    8188     8188        0     1                 select_epoch_check
    8199     8199        0     1                 select_epoch_exhaust
    81a5     81a5        0     1                 records_uninitialized
    81ab     81ab        0     1                 records_zero_a
    81b9     81b9        0     1                 records_zero_b
    81c4     81c4        0     1                 records_not_zero
    81c7     81c7        0     1                 persistence_restart_review
    81ec     81ec        0     1                 persistence_bootstrap_write
    8204     8204        0     1                 persistence_fail_io
    820b     820b        0     1                 persistence_fault_review
    8229     8229        0     1                 build_bootstrap_relation_and_record
    8309     8309        0     1                 persistence_recover_and_print
    8414     8414        0     1                 persistence_print_recovery
    8466     8466        0     1                 core_review
    8479     8479        0     1                 core_fill_activities
    8495     8495        0     1                 core_capacity_done
    84f9     84f9        0     1                 core_fill_row
    8511     8511        0     1                 core_row_done
    8713     8713        0     1                 irq_review
    87e9     87e9        0     1                 irq_case
    8815     8815        0     1                 irq_case_waitgen_done
    8846     8846        0     1                 run_irq_phase
    884d     884d        0     1                 irq_phase_wait
    8861     8861        0     1                 irq_phase_done
    8865     8865        0     1                 irq_semantic_gate
    8878     8878        0     1                 irq_semantic_done
    8879     8879        0     1                 irq_apply_progress
    8886     8886        0     1                 irq_apply_done
    8887     8887        0     1                 save_irq_platform_state
    88a2     88a2        0     1                 restore_irq_platform_state
    88be     88be        0     1                 install_irq
    88cb     88cb        0     1                 mask_irqs
    88d7     88d7        0     1                 unmask_irq0
    88de     88de        0     1                 program_pit
    88ef     88ef        0     1                 irq0_handler
    8927     8927        0     1                 irq_check_threshold
    8936     8936        0     1                 irq_send_eoi
    8940     8940        0     1                 init_runtime
    895b     895b        0     1                 activity_acquire
    8962     8962        0     1                 activity_acquire_loop
    897c     897c        0     1                 activity_acquire_use
    89c5     89c5        0     1                 activity_acquire_next
    89c8     89c8        0     1                 activity_acquire_none
    89d4     89d4        0     1                 activity_validate
    8a0b     8a0b        0     1                 activity_release
    8a21     8a21        0     1                 activity_release_scan
    8a47     8a47        0     1                 activity_release_blocked
    8a49     8a49        0     1                 activity_release_done
    8a4a     8a4a        0     1                 resource_create
    8a51     8a51        0     1                 resource_create_loop
    8a6b     8a6b        0     1                 resource_create_use
    8aa0     8aa0        0     1                 resource_create_next
    8aa3     8aa3        0     1                 resource_create_none
    8aaf     8aaf        0     1                 resource_read
    8aea     8aea        0     1                 resource_validate
    8b19     8b19        0     1                 binding_attach_first
    8b44     8b44        0     1                 binding_attach_scan
    8b59     8b59        0     1                 binding_attach_use
    8b7d     8b7d        0     1                 binding_attach_next
    8b8f     8b8f        0     1                 binding_attach_done
    8b90     8b90        0     1                 binding_read
    8bf0     8bf0        0     1                 binding_read_done
    8bf1     8bf1        0     1                 binding_detach
    8c54     8c54        0     1                 binding_detach_ok
    8c56     8c56        0     1                 binding_detach_done
    8c57     8c57        0     1                 load_saved_act0
    8c6a     8c6a        0     1                 load_saved_act1
    8c7d     8c7d        0     1                 load_saved_res
    8c90     8c90        0     1                 status_m
    8c93     8c93        0     1                 status_r
    8c96     8c96        0     1                 status_g
    8c99     8c99        0     1                 smp_min03_review
    8ce2     8ce2        0     1                 smp_wait_ready
    8cf0     8cf0        0     1                 smp_begin
    8d06     8d06        0     1                 smp_wait_mail
    8d10     8d10        0     1                 smp_wait_ap_done
    8d6f     8d6f        0     1                 smp_setup_two
    8d9d     8d9d        0     1                 smp_load_a_ra
    8dbc     8dbc        0     1                 smp_service_mailbox
    8dec     8dec        0     1                 smp_start_ap1
    8e52     8e52        0     1                 smp_icr_wait
    8e65     8e65        0     1                 smp_delay_short
    8e6b     8e6b        0     1                 smp_ds_loop
    8e72     8e72        0     1                 smp_delay_long
    8e78     8e78        0     1                 smp_dl_loop
    8e7f     8e7f        0     1                 smp_ap_worker
    8e95     8e95        0     1                 smp_ap_wait_phase
    8ebf     8ebf        0     1                 smp_ap_wait_done
    8ecb     8ecb        0     1                 smp_ap_wait_exit
    8ed2     8ed2        0     1                 smp_ap_halt
    8ed5     8ed5        0     1                 smp_ap_blob_start
    8ee6     8ee6        0     1                 print_string
    8ee6     8ee6        0     1                 smp_ap_blob_end
    8ef6     8ef6        0     1                 print_char
    8efd     8efd        0     1                 newline
    8f05     8f05        0     1                 print_bit
    8f0b     8f0b        0     1                 print_hex8
    8f1d     8f1d        0     1                 print_hex16
    8f28     8f28        0     1                 print_nibble
    8f34     8f34      25a     1 .rodata
    8f34     8f34      25a     1         E:\new pc\AI_Pushes_Sandbox\projects\PCMMAD\HOSTILE_OS\research\integration\H1_SMP_MIN03\runs\20260831T102244Z_h1_smp_min03_01\build\stage2.o:(.rodata)
    8f34     8f34        0     1                 lab_smp3_test
    8f47     8f47        0     1                 lab_smp3_ids
    8f4c     8f4c        0     1                 lab_smp3_owner
    8f57     8f57        0     1                 lab_smp3_mail
    8f5d     8f5d        0     1                 lab_smp3_done
    8f67     8f67        0     1                 lab_test
    8f79     8f79        0     1                 lab_act_filled
    8f85     8f85        0     1                 lab_act_over
    8f8f     8f8f        0     1                 lab_row_filled
    8f9b     8f9b        0     1                 lab_row_over
    8fa5     8fa5        0     1                 lab_share_live
    8fb1     8fb1        0     1                 lab_stale_bind
    8fbd     8fbd        0     1                 lab_fresh_bind
    8fc9     8fc9        0     1                 lab_fresh_bind_val
    8fd9     8fd9        0     1                 lab_missing_bind
    8fe7     8fe7        0     1                 lab_release_bound
    8ff6     8ff6        0     1                 lab_detach_one
    9007     9007        0     1                 lab_detach_last
    9019     9019        0     1                 lab_old_res
    9022     9022        0     1                 lab_new_res
    902b     902b        0     1                 lab_new_res_val
    9038     9038        0     1                 lab_persist_test
    904d     904d        0     1                 lab_mode_r
    9055     9055        0     1                 lab_mode_f
    905d     905d        0     1                 lab_phase_write
    906a     906a        0     1                 lab_phase_recover
    9079     9079        0     1                 lab_write_a
    9082     9082        0     1                 lab_select
    908a     908a        0     1                 lab_dur_val
    9093     9093        0     1                 lab_persist_old_bind
    909d     909d        0     1                 lab_persist_old_res
    90a6     90a6        0     1                 lab_persist_fresh_bind
    90b2     90b2        0     1                 lab_persist_fresh_val
    90c2     90c2        0     1                 lab_persist_done
    90d0     90d0        0     1                 lab_persist_iofail
    90e1     90e1        0     1                 lab_irq_test
    90f2     90f2        0     1                 lab_irq_one_event
    90fe     90fe        0     1                 lab_irq_one_rel
    9108     9108        0     1                 lab_irq_one_wake
    9113     9113        0     1                 lab_irq_one_prog
    911e     911e        0     1                 lab_irq_two_event
    912a     912a        0     1                 lab_irq_two_rel
    9134     9134        0     1                 lab_irq_two_wake
    913f     913f        0     1                 lab_irq_two_prog
    914a     914a        0     1                 lab_irq_bad_event
    9158     9158        0     1                 lab_irq_bad_rel
    9164     9164        0     1                 lab_irq_bad_wake
    9171     9171        0     1                 lab_irq_bad_prog
    917e     917e        0     1                 lab_irq_done
    9188     9188        0     1                 lab_done
    918e     918e        0     1 __state_begin = .
    918e     918e      e0b     1 .bss
    918e     918e      e0b     1         E:\new pc\AI_Pushes_Sandbox\projects\PCMMAD\HOSTILE_OS\research\integration\H1_SMP_MIN03\runs\20260831T102244Z_h1_smp_min03_01\build\stage2.o:(.bss)
    918e     918e        0     1                 activity_identity
    918e     918e        0     1                 v2_state_begin
    91ce     91ce        0     1                 activity_generation
    920e     920e        0     1                 activity_epoch
    924e     924e        0     1                 activity_progress
    928e     928e        0     1                 activity_pending_progress
    92ce     92ce        0     1                 activity_waiting
    930e     930e        0     1                 activity_woken
    934e     934e        0     1                 activity_wait_slot
    938e     938e        0     1                 activity_wait_generation
    93ce     93ce        0     1                 activity_epoch_global
    93cf     93cf        0     1                 binding_resource_plus1
    98cf     98cf        0     1                 binding_generation
    9dcf     9dcf        0     1                 resource_identity
    9e0f     9e0f        0     1                 resource_generation
    9e4f     9e4f        0     1                 resource_value
    9e8f     9e8f        0     1                 resource_live_count
    9f0f     9f0f        0     1                 resource_epoch_global
    9f10     9f10        0     1                 irq_event_count
    9f11     9f11        0     1                 irq_relation_ok
    9f12     9f12        0     1                 irq_phase_target
    9f13     9f13        0     1                 saved_irq0_off
    9f15     9f15        0     1                 saved_irq0_seg
    9f17     9f17        0     1                 saved_master_mask
    9f18     9f18        0     1                 saved_slave_mask
    9f19     9f19        0     1                 boot_drive
    9f19     9f19        0     1                 implementation_scratch
    9f19     9f19        0     1                 v2_state_end
    9f1a     9f1a        0     1                 input_identity
    9f1b     9f1b        0     1                 input_value
    9f1c     9f1c        0     1                 input_activity_slot
    9f1d     9f1d        0     1                 input_activity_gen
    9f1e     9f1e        0     1                 input_activity_epoch
    9f1f     9f1f        0     1                 input_resource_slot
    9f20     9f20        0     1                 input_resource_gen
    9f21     9f21        0     1                 input_resource_epoch
    9f22     9f22        0     1                 input_binding_index
    9f23     9f23        0     1                 input_binding_gen
    9f24     9f24        0     1                 output_slot
    9f25     9f25        0     1                 output_gen
    9f26     9f26        0     1                 output_epoch
    9f27     9f27        0     1                 output_binding
    9f28     9f28        0     1                 output_binding_gen
    9f29     9f29        0     1                 last_value
    9f2a     9f2a        0     1                 saw_exhausted
    9f2b     9f2b        0     1                 tmp_identity
    9f2c     9f2c        0     1                 tmp_count
    9f2d     9f2d        0     1                 tmp_binding_index
    9f2e     9f2e        0     1                 saved_act0_slot
    9f2f     9f2f        0     1                 saved_act0_gen
    9f30     9f30        0     1                 saved_act0_epoch
    9f31     9f31        0     1                 saved_act1_slot
    9f32     9f32        0     1                 saved_act1_gen
    9f33     9f33        0     1                 saved_act1_epoch
    9f34     9f34        0     1                 saved_res_slot
    9f35     9f35        0     1                 saved_res_gen
    9f36     9f36        0     1                 saved_res_epoch
    9f37     9f37        0     1                 saved_bind0_index
    9f38     9f38        0     1                 saved_bind0_gen
    9f39     9f39        0     1                 saved_bind1_index
    9f3a     9f3a        0     1                 saved_bind1_gen
    9f3b     9f3b        0     1                 saved_new_res_slot
    9f3c     9f3c        0     1                 saved_new_res_gen
    9f3d     9f3d        0     1                 saved_new_res_epoch
    9f3e     9f3e        0     1                 durable_a_valid
    9f3f     9f3f        0     1                 durable_b_valid
    9f40     9f40        0     1                 durable_select
    9f41     9f41        0     1                 durable_selected_ptr
    9f43     9f43        0     1                 durable_recovered_value
    9f44     9f44        0     1                 durable_old_bind_status
    9f45     9f45        0     1                 durable_old_res_status
    9f46     9f46        0     1                 durable_fresh_bind_status
    9f47     9f47        0     1                 durable_fresh_value
    9f48     9f48        0     1                 smp_bsp_id
    9f49     9f49        0     1                 smp_ap_id
    9f4a     9f4a        0     1                 smp_ap_ready
    9f4b     9f4b        0     1                 smp_phase
    9f4c     9f4c        0     1                 smp_ap_done
    9f4d     9f4d        0     1                 smp_owner_status
    9f4e     9f4e        0     1                 smp_mail_activity_slot
    9f4f     9f4f        0     1                 smp_mail_activity_gen
    9f50     9f50        0     1                 smp_mail_activity_epoch
    9f51     9f51        0     1                 smp_mail_resource_slot
    9f52     9f52        0     1                 smp_mail_resource_gen
    9f53     9f53        0     1                 smp_mail_resource_epoch
    9f54     9f54        0     1                 smp_mail_req
    9f55     9f55        0     1                 smp_mail_result
    9f56     9f56        0     1                 smp_mail_done
    9f57     9f57        0     1                 implementation_scratch_used_end
    9f99     9f99        0     1 __state_end = .
    9f99     9f99        0     1 __image_end = .
    9f99     9f99        0     1 
       0        0       96     1 .comment
       0        0       96     1         <internal>:(.comment)
       0        0     11e0     4 .symtab
       0        0     11e0     4         <internal>:(.symtab)
       0        0       37     1 .shstrtab
       0        0       37     1         <internal>:(.shstrtab)
       0        0     125c     1 .strtab
       0        0     125c     1         <internal>:(.strtab)
