     VMA      LMA     Size Align Out     In      Symbol
       0        0     8000     1 . = 0x8000
    8000        0        0     1 __image_start = .
    8000     8000      f9f     4 .text
    8000     8000      f9f     4         E:\new pc\AI_Pushes_Sandbox\projects\PCMMAD\HOSTILE_OS\research\integration\H1_SMP_MIN02\runs\20260831T060112Z_h1_smp_min02_01\build\stage2.o:(.text)
    8000     8000        0     1                 _start
    8029     8029        0     1                 start_smp
    802e     802e        0     1                 start_restart
    8033     8033        0     1                 start_fault
    8036     8036        0     1                 start_done
    803f     803f        0     1                 detect_mode
    8060     8060        0     1                 detect_mode_done
    8061     8061        0     1                 bios_read_sector
    8076     8076        0     1                 bios_write_sector
    808b     808b        0     1                 read_durable_candidates
    80b7     80b7        0     1                 persist_io_fail
    80b9     80b9        0     1                 record_validate
    80f7     80f7        0     1                 record_validate_done
    80fc     80fc        0     1                 crc16_payload
    8106     8106        0     1                 crc16_byte
    810f     810f        0     1                 crc16_bit
    8117     8117        0     1                 crc16_no_poly
    8122     8122        0     1                 select_durable
    813c     813c        0     1                 select_a_valid
    816a     816a        0     1                 select_conflict
    8170     8170        0     1                 select_choose_a
    817d     817d        0     1                 select_choose_b
    8188     8188        0     1                 select_epoch_check
    8199     8199        0     1                 select_epoch_exhaust
    81a5     81a5        0     1                 records_uninitialized
    81ab     81ab        0     1                 records_zero_a
    81b9     81b9        0     1                 records_zero_b
    81c4     81c4        0     1                 records_not_zero
    81c7     81c7        0     1                 persistence_restart_review
    81ec     81ec        0     1                 persistence_bootstrap_write
    8204     8204        0     1                 persistence_fail_io
    820b     820b        0     1                 persistence_fault_review
    8229     8229        0     1                 build_bootstrap_relation_and_record
    8309     8309        0     1                 persistence_recover_and_print
    8414     8414        0     1                 persistence_print_recovery
    8466     8466        0     1                 core_review
    8479     8479        0     1                 core_fill_activities
    8495     8495        0     1                 core_capacity_done
    84f9     84f9        0     1                 core_fill_row
    8511     8511        0     1                 core_row_done
    8713     8713        0     1                 irq_review
    87e9     87e9        0     1                 irq_case
    8815     8815        0     1                 irq_case_waitgen_done
    8846     8846        0     1                 run_irq_phase
    884d     884d        0     1                 irq_phase_wait
    8861     8861        0     1                 irq_phase_done
    8865     8865        0     1                 irq_semantic_gate
    8878     8878        0     1                 irq_semantic_done
    8879     8879        0     1                 irq_apply_progress
    8886     8886        0     1                 irq_apply_done
    8887     8887        0     1                 save_irq_platform_state
    88a2     88a2        0     1                 restore_irq_platform_state
    88be     88be        0     1                 install_irq
    88cb     88cb        0     1                 mask_irqs
    88d7     88d7        0     1                 unmask_irq0
    88de     88de        0     1                 program_pit
    88ef     88ef        0     1                 irq0_handler
    8927     8927        0     1                 irq_check_threshold
    8936     8936        0     1                 irq_send_eoi
    8940     8940        0     1                 init_runtime
    895b     895b        0     1                 activity_acquire
    8962     8962        0     1                 activity_acquire_loop
    897c     897c        0     1                 activity_acquire_use
    89c5     89c5        0     1                 activity_acquire_next
    89c8     89c8        0     1                 activity_acquire_none
    89d4     89d4        0     1                 activity_validate
    8a0b     8a0b        0     1                 activity_release
    8a21     8a21        0     1                 activity_release_scan
    8a47     8a47        0     1                 activity_release_blocked
    8a49     8a49        0     1                 activity_release_done
    8a4a     8a4a        0     1                 resource_create
    8a51     8a51        0     1                 resource_create_loop
    8a6b     8a6b        0     1                 resource_create_use
    8aa0     8aa0        0     1                 resource_create_next
    8aa3     8aa3        0     1                 resource_create_none
    8aaf     8aaf        0     1                 resource_read
    8aea     8aea        0     1                 resource_validate
    8b19     8b19        0     1                 binding_attach_first
    8b44     8b44        0     1                 binding_attach_scan
    8b59     8b59        0     1                 binding_attach_use
    8b7d     8b7d        0     1                 binding_attach_next
    8b8f     8b8f        0     1                 binding_attach_done
    8b90     8b90        0     1                 binding_read
    8bf0     8bf0        0     1                 binding_read_done
    8bf1     8bf1        0     1                 binding_detach
    8c54     8c54        0     1                 binding_detach_ok
    8c56     8c56        0     1                 binding_detach_done
    8c57     8c57        0     1                 load_saved_act0
    8c6a     8c6a        0     1                 load_saved_act1
    8c7d     8c7d        0     1                 load_saved_res
    8c90     8c90        0     1                 status_m
    8c93     8c93        0     1                 status_r
    8c96     8c96        0     1                 status_g
    8c99     8c99        0     1                 smp_min02_review
    8cd8     8cd8        0     1                 smp_wait_ready
    8ce7     8ce7        0     1                 smp_bad_setup
    8d0b     8d0b        0     1                 smp_wait_bad_overwrite
    8d48     8d48        0     1                 smp_wait_good_ap
    8d54     8d54        0     1                 smp_wait_ap_done
    8d5b     8d5b        0     1                 smp_report
    8dcd     8dcd        0     1                 smp_setup_two
    8dfb     8dfb        0     1                 smp_load_a_ra
    8e1a     8e1a        0     1                 smp_load_b_rb
    8e39     8e39        0     1                 smp_gate_acquire
    8e3b     8e3b        0     1                 smp_gate_try
    8e49     8e49        0     1                 smp_gate_acquired
    8e4a     8e4a        0     1                 smp_gate_release
    8e50     8e50        0     1                 smp_start_ap1
    8eb6     8eb6        0     1                 smp_icr_wait
    8ec9     8ec9        0     1                 smp_delay_short
    8ecf     8ecf        0     1                 smp_ds_loop
    8ed6     8ed6        0     1                 smp_delay_long
    8edc     8edc        0     1                 smp_dl_loop
    8ee3     8ee3        0     1                 smp_ap_worker
    8ef9     8ef9        0     1                 smp_ap_phase1_wait
    8f00     8f00        0     1                 smp_ap_wait_bsp_args
    8f0f     8f0f        0     1                 smp_ap_wait_bad_done
    8f16     8f16        0     1                 smp_ap_phase2_wait
    8f31     8f31        0     1                 smp_ap_phase3_wait
    8f3d     8f3d        0     1                 smp_ap_halt
    8f40     8f40        0     1                 smp_ap_blob_start
    8f51     8f51        0     1                 print_string
    8f51     8f51        0     1                 smp_ap_blob_end
    8f61     8f61        0     1                 print_char
    8f68     8f68        0     1                 newline
    8f70     8f70        0     1                 print_bit
    8f76     8f76        0     1                 print_hex8
    8f88     8f88        0     1                 print_hex16
    8f93     8f93        0     1                 print_nibble
    8f9f     8f9f      254     1 .rodata
    8f9f     8f9f      254     1         E:\new pc\AI_Pushes_Sandbox\projects\PCMMAD\HOSTILE_OS\research\integration\H1_SMP_MIN02\runs\20260831T060112Z_h1_smp_min02_01\build\stage2.o:(.rodata)
    8f9f     8f9f        0     1                 lab_smp2_test
    8fb2     8fb2        0     1                 lab_smp2_ids
    8fb7     8fb7        0     1                 lab_smp2_bad
    8fbc     8fbc        0     1                 lab_smp2_good
    8fc2     8fc2        0     1                 lab_smp2_done
    8fcc     8fcc        0     1                 lab_test
    8fde     8fde        0     1                 lab_act_filled
    8fea     8fea        0     1                 lab_act_over
    8ff4     8ff4        0     1                 lab_row_filled
    9000     9000        0     1                 lab_row_over
    900a     900a        0     1                 lab_share_live
    9016     9016        0     1                 lab_stale_bind
    9022     9022        0     1                 lab_fresh_bind
    902e     902e        0     1                 lab_fresh_bind_val
    903e     903e        0     1                 lab_missing_bind
    904c     904c        0     1                 lab_release_bound
    905b     905b        0     1                 lab_detach_one
    906c     906c        0     1                 lab_detach_last
    907e     907e        0     1                 lab_old_res
    9087     9087        0     1                 lab_new_res
    9090     9090        0     1                 lab_new_res_val
    909d     909d        0     1                 lab_persist_test
    90b2     90b2        0     1                 lab_mode_r
    90ba     90ba        0     1                 lab_mode_f
    90c2     90c2        0     1                 lab_phase_write
    90cf     90cf        0     1                 lab_phase_recover
    90de     90de        0     1                 lab_write_a
    90e7     90e7        0     1                 lab_select
    90ef     90ef        0     1                 lab_dur_val
    90f8     90f8        0     1                 lab_persist_old_bind
    9102     9102        0     1                 lab_persist_old_res
    910b     910b        0     1                 lab_persist_fresh_bind
    9117     9117        0     1                 lab_persist_fresh_val
    9127     9127        0     1                 lab_persist_done
    9135     9135        0     1                 lab_persist_iofail
    9146     9146        0     1                 lab_irq_test
    9157     9157        0     1                 lab_irq_one_event
    9163     9163        0     1                 lab_irq_one_rel
    916d     916d        0     1                 lab_irq_one_wake
    9178     9178        0     1                 lab_irq_one_prog
    9183     9183        0     1                 lab_irq_two_event
    918f     918f        0     1                 lab_irq_two_rel
    9199     9199        0     1                 lab_irq_two_wake
    91a4     91a4        0     1                 lab_irq_two_prog
    91af     91af        0     1                 lab_irq_bad_event
    91bd     91bd        0     1                 lab_irq_bad_rel
    91c9     91c9        0     1                 lab_irq_bad_wake
    91d6     91d6        0     1                 lab_irq_bad_prog
    91e3     91e3        0     1                 lab_irq_done
    91ed     91ed        0     1                 lab_done
    91f3     91f3        0     1 __state_begin = .
    91f3     91f3      e0b     1 .bss
    91f3     91f3      e0b     1         E:\new pc\AI_Pushes_Sandbox\projects\PCMMAD\HOSTILE_OS\research\integration\H1_SMP_MIN02\runs\20260831T060112Z_h1_smp_min02_01\build\stage2.o:(.bss)
    91f3     91f3        0     1                 activity_identity
    91f3     91f3        0     1                 v2_state_begin
    9233     9233        0     1                 activity_generation
    9273     9273        0     1                 activity_epoch
    92b3     92b3        0     1                 activity_progress
    92f3     92f3        0     1                 activity_pending_progress
    9333     9333        0     1                 activity_waiting
    9373     9373        0     1                 activity_woken
    93b3     93b3        0     1                 activity_wait_slot
    93f3     93f3        0     1                 activity_wait_generation
    9433     9433        0     1                 activity_epoch_global
    9434     9434        0     1                 binding_resource_plus1
    9934     9934        0     1                 binding_generation
    9e34     9e34        0     1                 resource_identity
    9e74     9e74        0     1                 resource_generation
    9eb4     9eb4        0     1                 resource_value
    9ef4     9ef4        0     1                 resource_live_count
    9f74     9f74        0     1                 resource_epoch_global
    9f75     9f75        0     1                 irq_event_count
    9f76     9f76        0     1                 irq_relation_ok
    9f77     9f77        0     1                 irq_phase_target
    9f78     9f78        0     1                 saved_irq0_off
    9f7a     9f7a        0     1                 saved_irq0_seg
    9f7c     9f7c        0     1                 saved_master_mask
    9f7d     9f7d        0     1                 saved_slave_mask
    9f7e     9f7e        0     1                 boot_drive
    9f7e     9f7e        0     1                 implementation_scratch
    9f7e     9f7e        0     1                 v2_state_end
    9f7f     9f7f        0     1                 input_identity
    9f80     9f80        0     1                 input_value
    9f81     9f81        0     1                 input_activity_slot
    9f82     9f82        0     1                 input_activity_gen
    9f83     9f83        0     1                 input_activity_epoch
    9f84     9f84        0     1                 input_resource_slot
    9f85     9f85        0     1                 input_resource_gen
    9f86     9f86        0     1                 input_resource_epoch
    9f87     9f87        0     1                 input_binding_index
    9f88     9f88        0     1                 input_binding_gen
    9f89     9f89        0     1                 output_slot
    9f8a     9f8a        0     1                 output_gen
    9f8b     9f8b        0     1                 output_epoch
    9f8c     9f8c        0     1                 output_binding
    9f8d     9f8d        0     1                 output_binding_gen
    9f8e     9f8e        0     1                 last_value
    9f8f     9f8f        0     1                 saw_exhausted
    9f90     9f90        0     1                 tmp_identity
    9f91     9f91        0     1                 tmp_count
    9f92     9f92        0     1                 tmp_binding_index
    9f93     9f93        0     1                 saved_act0_slot
    9f94     9f94        0     1                 saved_act0_gen
    9f95     9f95        0     1                 saved_act0_epoch
    9f96     9f96        0     1                 saved_act1_slot
    9f97     9f97        0     1                 saved_act1_gen
    9f98     9f98        0     1                 saved_act1_epoch
    9f99     9f99        0     1                 saved_res_slot
    9f9a     9f9a        0     1                 saved_res_gen
    9f9b     9f9b        0     1                 saved_res_epoch
    9f9c     9f9c        0     1                 saved_bind0_index
    9f9d     9f9d        0     1                 saved_bind0_gen
    9f9e     9f9e        0     1                 saved_bind1_index
    9f9f     9f9f        0     1                 saved_bind1_gen
    9fa0     9fa0        0     1                 saved_new_res_slot
    9fa1     9fa1        0     1                 saved_new_res_gen
    9fa2     9fa2        0     1                 saved_new_res_epoch
    9fa3     9fa3        0     1                 durable_a_valid
    9fa4     9fa4        0     1                 durable_b_valid
    9fa5     9fa5        0     1                 durable_select
    9fa6     9fa6        0     1                 durable_selected_ptr
    9fa8     9fa8        0     1                 durable_recovered_value
    9fa9     9fa9        0     1                 durable_old_bind_status
    9faa     9faa        0     1                 durable_old_res_status
    9fab     9fab        0     1                 durable_fresh_bind_status
    9fac     9fac        0     1                 durable_fresh_value
    9fad     9fad        0     1                 smp_bsp_id
    9fae     9fae        0     1                 smp_ap_id
    9faf     9faf        0     1                 smp_ap_ready
    9fb0     9fb0        0     1                 smp_phase
    9fb1     9fb1        0     1                 smp_gate
    9fb2     9fb2        0     1                 smp_ap_done
    9fb3     9fb3        0     1                 smp_bad_bsp_prepared
    9fb4     9fb4        0     1                 smp_bad_ap_overwrote
    9fb5     9fb5        0     1                 smp_bad_done
    9fb6     9fb6        0     1                 smp_bad_bsp_status
    9fb7     9fb7        0     1                 smp_good_bsp_status
    9fb8     9fb8        0     1                 smp_good_ap_status
    9fb9     9fb9        0     1                 smp_good_ap_done
    9ffe     9ffe        0     1 __state_end = .
    9ffe     9ffe        0     1 __image_end = .
    9ffe     9ffe        0     1 
       0        0       96     1 .comment
       0        0       96     1         <internal>:(.comment)
       0        0     1230     4 .symtab
       0        0     1230     4         <internal>:(.symtab)
       0        0       37     1 .shstrtab
       0        0       37     1         <internal>:(.shstrtab)
       0        0     1292     1 .strtab
       0        0     1292     1         <internal>:(.strtab)
